2026-02-27T22:15:11.611Z :[INFO]:null doesnt exist
2026-02-27T22:15:39.961Z :[INFO]:null doesnt exist
2026-02-27T22:15:43.039Z :[INFO]:null doesnt exist
2026-02-27T22:15:57.243Z :[INFO]:null doesnt exist
2026-02-27T22:16:07.321Z :[INFO]:null doesnt exist
2026-02-27T22:16:07.598Z :[INFO]:null doesnt exist
2026-02-27T22:16:18.582Z :[INFO]:null doesnt exist
2026-02-27T22:16:26.846Z :[INFO]:null doesnt exist
2026-02-27T22:17:56.443Z :[INFO]:null doesnt exist
2026-02-27T22:17:58.553Z :[INFO]:null doesnt exist
2026-02-27T22:17:58.874Z :[INFO]:null doesnt exist
2026-02-27T22:17:59.301Z :[INFO]:null doesnt exist
2026-02-27T22:17:59.622Z :[INFO]:null doesnt exist
2026-02-27T22:18:07.972Z :[INFO]:null doesnt exist
2026-02-27T22:18:30.151Z :[INFO]:null doesnt exist
2026-02-27T22:19:54.015Z :[INFO]:null doesnt exist
2026-02-27T22:19:55.899Z :[INFO]:null doesnt exist
2026-02-27T22:19:56.106Z :[INFO]:null doesnt exist
2026-02-27T22:19:56.313Z :[INFO]:null doesnt exist
2026-02-27T22:19:56.526Z :[INFO]:null doesnt exist
2026-02-27T22:19:56.753Z :[INFO]:null doesnt exist
2026-02-27T22:19:56.956Z :[INFO]:null doesnt exist
2026-02-27T22:22:28.869Z :[ERROR]:
Invalid `prisma.registered_user.findUnique()` invocation in
/home/smartkid-tga/newidea/security/login.js:40:55

  37     
  38 }
  39 try {
→ 40     const username = await prisma.registered_user.findUnique({
           where: {
             NAMES: "SMARTKID TGA",
         ?   id?: Int,
         ?   EMAIL?: String,
         ?   AND?: registered_userWhereInput | registered_userWhereInput[],
         ?   OR?: registered_userWhereInput[],
         ?   NOT?: registered_userWhereInput | registered_userWhereInput[],
         ?   PHONE?: StringFilter | String,
         ?   hashedpassword?: StringFilter | String,
         ?   role?: StringFilter | String,
         ?   created_at?: DateTimeFilter | DateTime
           }
         })

Argument `where` of type registered_userWhereUniqueInput needs at least one of `id` or `EMAIL` arguments. Available options are marked with ?.
2026-02-27T22:25:27.874Z :[INFO]:null doesnt exist
2026-02-27T22:26:41.255Z :[INFO]:null doesnt exist
2026-02-27T22:28:22.693Z :[ERROR]:EMAIL is not defined
2026-02-27T22:29:19.434Z :[INFO]:SMARTKID TGA doesnt exist
2026-02-27T22:29:39.035Z :[INFO]:SMARTKID TGA doesnt exist
2026-02-27T22:30:46.986Z :[INFO]:Yunes gati doesnt exist
2026-02-27T22:30:49.270Z :[INFO]:Yunes gati doesnt exist
2026-02-27T22:30:49.470Z :[INFO]:Yunes gati doesnt exist
2026-02-27T22:30:49.653Z :[INFO]:Yunes gati doesnt exist
2026-02-27T22:30:49.832Z :[INFO]:Yunes gati doesnt exist
2026-02-27T22:30:50.011Z :[INFO]:Yunes gati doesnt exist
2026-02-27T22:30:50.192Z :[INFO]:Yunes gati doesnt exist
2026-02-27T22:31:19.553Z :[INFO]:Yunes gati doesnt exist
2026-02-27T22:31:19.733Z :[INFO]:Yunes gati doesnt exist
2026-02-27T22:31:20.059Z :[INFO]:Yunes gati doesnt exist
2026-02-27T22:31:20.315Z :[INFO]:Yunes gati doesnt exist
2026-02-27T22:31:20.559Z :[INFO]:Yunes gati doesnt exist
2026-02-27T22:31:20.738Z :[INFO]:Yunes gati doesnt exist
2026-02-27T22:36:53.893Z :[INFO]:peterotieno@gmail.com logged in succesfully
2026-02-27T22:50:06.450Z :[INFO]:peterotieno@gmail.com logged in succesfully
2026-02-27T22:50:46.632Z :[INFO]:peterotieno@gmail.com logged in succesfully
2026-02-27T22:50:47.609Z :[INFO]:peterotieno@gmail.com logged in succesfully
2026-02-27T22:50:47.982Z :[INFO]:peterotieno@gmail.com logged in succesfully
2026-02-27T22:50:48.161Z :[INFO]:peterotieno@gmail.com logged in succesfully
2026-02-27T22:57:49.875Z :[INFO]:peterotieno@gmail.com logged in succesfully
2026-02-27T22:58:37.129Z :[INFO]:password doesnt match
2026-02-27T22:58:46.983Z :[INFO]:password doesnt match
2026-02-27T22:59:01.372Z :[INFO]:peterotieno@gmail.com logged in succesfully
2026-02-27T23:01:14.080Z :[INFO]:peterotieno@gmail.com logged in succesfully
2026-02-27T23:01:55.750Z :[INFO]:peterotieno@gmail.com logged in succesfully
2026-02-27T23:06:57.644Z :[INFO]:peterotieno@gmail.com logged in succesfully
2026-02-27T23:07:44.805Z :[INFO]:peterotieno@gmail.com logged in succesfully
2026-02-27T23:15:13.525Z :[INFO]:peterotieno@gmail.com logged in succesfully
2026-02-27T23:17:36.069Z :[INFO]:password doesnt match
2026-02-27T23:17:44.773Z :[INFO]:peterotieno@gmail.com logged in succesfully
2026-02-27T23:20:19.973Z :[INFO]:peterotieno@gmail.com logged in succesfully
2026-02-27T23:30:58.598Z :[INFO]:peterotieno@gmail.com logged in succesfully
2026-02-27T23:40:00.223Z :[INFO]:peterotieno@gmail.com logged in succesfully
2026-02-27T23:46:06.653Z :[INFO]:peterotieno@gmail.com logged in succesfully
2026-02-27T23:48:21.049Z :[INFO]:peterotieno@gmail.com logged in succesfully
2026-02-27T23:48:58.412Z :[INFO]:password doesnt match
2026-02-27T23:49:02.474Z :[INFO]:peterotieno@gmail.com logged in succesfully
2026-02-27T23:49:56.442Z :[INFO]:peterotieno@gmail.com logged in succesfully
2026-02-27T23:50:47.295Z :[INFO]:peterotieno@gmail.com logged in succesfully
2026-02-27T23:52:55.775Z :[INFO]:peterotieno@gmail.com logged in succesfully
2026-02-28T00:01:18.778Z :[INFO]:peterotieno@gmail.com logged in succesfully
2026-02-28T00:07:51.589Z :[INFO]:peterotieno@gmail.com logged in succesfully
2026-02-28T00:12:27.133Z :[INFO]:peterotieno@gmail.com logged in succesfully
2026-02-28T00:13:29.894Z :[INFO]:peterotieno@gmail.com logged in succesfully
2026-02-28T00:14:57.812Z :[INFO]:peterotieno@gmail.com logged in succesfully
2026-02-28T06:10:16.867Z :[INFO]:peterotieno@gmail.com logged in succesfully
2026-02-28T06:11:11.896Z :[INFO]:peterotieno@gmail.com logged in succesfully
2026-02-28T06:11:50.412Z :[INFO]:peterotieno@gmail.com logged in succesfully
2026-02-28T06:12:36.924Z :[INFO]:peterotieno@gmail.com logged in succesfully
2026-02-28T06:13:40.288Z :[INFO]:peterotieno@gmail.com logged in succesfully
2026-02-28T06:14:22.375Z :[INFO]:peterotieno@gmail.com logged in succesfully
2026-02-28T06:14:58.168Z :[INFO]:peterotieno@gmail.com logged in succesfully
2026-02-28T06:15:39.638Z :[INFO]:peterotieno@gmail.com logged in succesfully
2026-02-28T06:16:10.309Z :[INFO]:peterotieno@gmail.com logged in succesfully
2026-02-28T06:16:43.706Z :[INFO]:peterotieno@gmail.com logged in succesfully
2026-02-28T06:17:28.318Z :[INFO]:peterotieno@gmail.com logged in succesfully
2026-02-28T06:20:40.288Z :[INFO]:peterotieno@gmail.com logged in succesfully
2026-02-28T06:21:56.308Z :[INFO]:peterotieno@gmail.com logged in succesfully
2026-02-28T06:25:44.005Z :[INFO]:peterotieno@gmail.com logged in succesfully
2026-02-28T06:26:33.788Z :[INFO]:peterotieno@gmail.com logged in succesfully
2026-02-28T06:40:27.999Z :[INFO]:password doesnt match
2026-02-28T06:40:28.441Z :[INFO]:password doesnt match
2026-02-28T06:40:33.661Z :[INFO]:peterotieno@gmail.com logged in succesfully
2026-02-28T06:41:06.132Z :[INFO]:peterotieno@gmail.com logged in succesfully
2026-02-28T06:45:20.183Z :[INFO]:peterotieno@gmail.com logged in succesfully
2026-02-28T06:47:36.432Z :[INFO]:peterotieno@gmail.com logged in succesfully
2026-02-28T06:47:47.667Z :[INFO]:you have logged out succesfully
2026-02-28T06:47:48.870Z :[INFO]:you have logged out succesfully
2026-02-28T06:47:50.373Z :[INFO]:you have logged out succesfully
2026-02-28T06:47:50.554Z :[INFO]:you have logged out succesfully
2026-02-28T06:47:50.732Z :[INFO]:you have logged out succesfully
2026-02-28T06:47:51.498Z :[INFO]:you have logged out succesfully
2026-02-28T06:52:59.697Z :[INFO]:you have logged out succesfully
2026-02-28T06:52:59.698Z :[INFO]:you have logged out succesfully
2026-02-28T06:53:24.462Z :[INFO]:peterotieno@gmail.com logged in succesfully
2026-02-28T06:53:28.063Z :[INFO]:you have logged out succesfully
2026-02-28T06:54:19.647Z :[INFO]:peterotieno@gmail.com logged in succesfully
2026-02-28T06:54:24.686Z :[INFO]:you have logged out succesfully
2026-02-28T06:55:00.316Z :[INFO]:peterotieno@gmail.com logged in succesfully
2026-02-28T06:55:13.141Z :[INFO]:you have logged out succesfully
2026-02-28T06:56:20.985Z :[INFO]:peterotieno@gmail.com logged in succesfully
2026-02-28T06:56:32.026Z :[INFO]:you have logged out succesfully
2026-02-28T06:57:35.014Z :[INFO]:password doesnt match
2026-02-28T06:57:44.989Z :[INFO]:peterotieno@gmail.com logged in succesfully
2026-02-28T06:57:50.435Z :[INFO]:you have logged out succesfully
2026-02-28T06:57:59.247Z :[INFO]:peterotieno@gmail.com logged in succesfully
2026-02-28T06:59:57.572Z :[INFO]:peterotieno@gmail.com logged in succesfully
2026-02-28T07:00:44.346Z :[INFO]:peterotieno@gmail.com logged in succesfully
2026-02-28T07:08:08.688Z :[INFO]:peterotieno@gmail.com logged in succesfully
2026-02-28T07:09:20.722Z :[INFO]:peterotieno@gmail.com logged in succesfully
2026-02-28T07:09:59.557Z :[INFO]:peterotieno@gmail.com logged in succesfully
2026-02-28T07:10:09.613Z :[INFO]:you have logged out succesfully
2026-02-28T07:10:12.057Z :[INFO]:peterotieno@gmail.com logged in succesfully
2026-02-28T07:11:50.263Z :[INFO]:you have logged out succesfully
2026-02-28T07:14:20.038Z :[INFO]:peterotieno@gmail.com logged in succesfully
2026-02-28T07:28:36.460Z :[INFO]:peterotieno@gmail.com logged in succesfully
2026-02-28T07:29:28.384Z :[INFO]:peterotieno@gmail.com logged in succesfully
2026-02-28T07:33:04.213Z :[INFO]:peterotieno@gmail.com logged in succesfully
2026-02-28T07:37:00.746Z :[INFO]:peterotieno@gmail.com logged in succesfully
2026-02-28T07:38:07.428Z :[INFO]:peterotieno@gmail.com logged in succesfully
2026-02-28T07:49:05.784Z :[INFO]:peterotieno@gmail.com logged in succesfully
2026-02-28T07:54:06.011Z :[INFO]:peterotieno@gmail.com logged in succesfully
2026-02-28T07:54:16.109Z :[INFO]:you have logged out succesfully
2026-02-28T07:55:04.171Z :[INFO]:peterotieno@gmail.com logged in succesfully
2026-02-28T07:55:07.954Z :[INFO]:you have logged out succesfully
2026-02-28T07:56:03.725Z :[INFO]:peterotieno@gmail.com logged in succesfully
2026-02-28T07:56:07.108Z :[INFO]:you have logged out succesfully
2026-02-28T07:56:53.084Z :[INFO]:SMARTKID TGA doesnt exist
2026-02-28T07:59:06.060Z :[INFO]:SMARTKID TGA doesnt exist
2026-02-28T08:00:58.200Z :[INFO]:password doesnt match
2026-02-28T08:01:14.515Z :[INFO]:password doesnt match
2026-02-28T08:01:29.303Z :[INFO]:paulmwita@gmail.com logged in succesfully
2026-02-28T08:02:37.182Z :[INFO]:paulmwita@gmail.com logged in succesfully
2026-02-28T08:04:05.004Z :[INFO]:paulmwita@gmail.com logged in succesfully
2026-02-28T08:06:28.020Z :[INFO]:password doesnt match
2026-02-28T08:06:39.438Z :[INFO]:paulmwita@gmail.com logged in succesfully
2026-02-28T08:07:13.905Z :[INFO]:you have logged out succesfully
2026-02-28T08:31:44.007Z :[INFO]:peterotieno@gmail.com logged in succesfully
2026-02-28T08:32:10.249Z :[INFO]:you have logged out succesfully
2026-02-28T08:35:38.526Z :[INFO]:peterotieno@gmail.com logged in succesfully
2026-02-28T08:36:16.006Z :[INFO]:you have logged out succesfully
2026-02-28T08:44:40.183Z :[INFO]:peterotieno@gmail.com logged in succesfully
2026-02-28T08:53:30.584Z :[INFO]:peterotieno@gmail.com logged in succesfully
2026-02-28T09:00:01.829Z :[INFO]:you have logged out succesfully
2026-02-28T09:00:30.191Z :[INFO]:peterotieno@gmail.com logged in succesfully
2026-02-28T09:01:56.181Z :[INFO]:you have logged out succesfully
2026-02-28T09:04:39.621Z :[INFO]:peterotieno@gmail.com logged in succesfully
2026-02-28T09:05:06.345Z :[INFO]:you have logged out succesfully
2026-02-28T09:05:40.236Z :[INFO]:peterotieno@gmail.com logged in succesfully
2026-02-28T09:10:48.710Z :[INFO]:peterotieno@gmail.com logged in succesfully
2026-02-28T09:11:44.776Z :[INFO]:you have logged out succesfully
2026-02-28T09:11:59.388Z :[INFO]:you have logged out succesfully
2026-02-28T09:12:20.980Z :[INFO]:SMARTKID TGA doesnt exist
2026-02-28T09:15:00.579Z :[INFO]:password doesnt match
2026-02-28T09:15:16.187Z :[INFO]:peterotieno@gmail.com logged in succesfully
2026-02-28T09:15:35.272Z :[INFO]:you have logged out succesfully
2026-02-28T09:34:21.021Z :[INFO]:SMARTKID TGA doesnt exist
2026-02-28T09:34:33.231Z :[INFO]:SMARTKID TGA doesnt exist
2026-02-28T11:52:45.453Z :[INFO]:peterotieno@gmail.com logged in succesfully
2026-02-28T11:53:00.402Z :[INFO]:you have logged out succesfully
2026-02-28T16:45:05.632Z :[INFO]:peterotieno@gmail.com logged in succesfully
2026-02-28T16:59:14.885Z :[INFO]:kenn12@gmail.com logged in succesfully
2026-02-28T17:04:17.025Z :[INFO]:kenn12@gmail.com logged in succesfully
2026-02-28T17:18:48.724Z :[INFO]:kenn12@gmail.com logged in succesfully
2026-02-28T17:41:36.110Z :[INFO]:kenn12@gmail.com logged in succesfully
2026-02-28T17:46:44.494Z :[INFO]:kenn12@gmail.com logged in succesfully
2026-02-28T18:28:08.442Z :[INFO]:Kenn12@gmail.com doesnt exist
2026-02-28T18:28:32.824Z :[INFO]:kenn12@gmail.com logged in succesfully
2026-02-28T18:30:41.367Z :[INFO]:password doesnt match
2026-02-28T18:31:25.949Z :[INFO]:kenn12@gmail.com logged in succesfully
2026-02-28T18:32:42.662Z :[INFO]:kenn12@gmail.com logged in succesfully
2026-03-01T04:37:57.448Z :[INFO]:kenn12@gmail.com logged in succesfully
2026-03-01T04:41:58.371Z :[INFO]:kenn12@gmail.com logged in succesfully
2026-03-01T04:46:15.630Z :[INFO]:kenn12@gmail.com logged in succesfully
2026-03-01T05:03:19.804Z :[INFO]:kenn12@gmail.com logged in succesfully
2026-03-01T05:10:09.992Z :[INFO]:kenn12@gmail.com logged in succesfully
2026-03-01T05:24:28.691Z :[INFO]:kenn12@gmail.com logged in succesfully
2026-03-01T06:07:01.834Z :[INFO]:kenn12@gmail.com logged in succesfully
2026-03-01T06:20:01.582Z :[INFO]:kenn12@gmail.com logged in succesfully
2026-03-01T06:29:21.035Z :[INFO]:kenn12@gmail.com logged in succesfully
2026-03-01T06:37:13.658Z :[INFO]:kenn12@gmail.com logged in succesfully
2026-03-01T09:06:07.458Z :[INFO]:kenn12@gmail.com logged in succesfully
2026-03-01T09:09:03.060Z :[INFO]:kenn12@gmail.com logged in succesfully
2026-03-01T09:11:35.540Z :[INFO]:kenn12@gmail.com logged in succesfully
2026-03-01T09:19:08.371Z :[INFO]:kenn12@gmail.com logged in succesfully
2026-03-01T09:35:59.003Z :[INFO]:kenn12@gmail.com logged in succesfully
2026-03-01T10:29:18.426Z :[INFO]:kenn12@gmail.com logged in succesfully
2026-03-01T10:30:27.286Z :[INFO]:kenn12@gmail.com logged in succesfully
2026-03-01T10:58:41.273Z :[INFO]:kenn12@gmail.com logged in succesfully
2026-03-01T11:00:07.717Z :[INFO]:kenn12@gmail.com logged in succesfully
2026-03-01T11:01:04.787Z :[INFO]:password doesnt match
2026-03-01T11:01:22.763Z :[INFO]:kenn12@gmail.com logged in succesfully
2026-03-01T11:26:39.554Z :[INFO]:kenn@12gmail.com doesnt exist
2026-03-01T11:27:05.660Z :[INFO]:kenn12@gmail.com logged in succesfully
2026-03-01T12:07:07.409Z :[INFO]:kenn@12gmail.com doesnt exist
2026-03-01T12:07:24.223Z :[INFO]:kenn12@gmail.com logged in succesfully
2026-03-01T12:15:41.042Z :[INFO]:kenn12@gmail.com logged in succesfully
2026-03-01T12:19:08.845Z :[INFO]:kenn12@gmail.com logged in succesfully
2026-03-01T12:22:16.519Z :[INFO]:password doesnt match
2026-03-01T12:22:30.997Z :[INFO]:peterotieno@gmail.com logged in succesfully
2026-03-01T12:22:47.083Z :[INFO]:you have logged out succesfully
2026-03-01T12:22:58.862Z :[INFO]:you have logged out succesfully
2026-03-01T12:23:22.789Z :[INFO]:kenn12@gmail.com logged in succesfully
2026-03-01T12:34:51.645Z :[INFO]:kenn12@gmail.com logged in succesfully
2026-03-01T12:40:09.119Z :[INFO]:kenn122gmail.com doesnt exist
2026-03-01T12:40:24.962Z :[INFO]:kenn12@gmail.com logged in succesfully
2026-03-01T12:46:05.933Z :[INFO]:kenn12@gmail.com logged in succesfully
2026-03-01T12:53:27.483Z :[INFO]:kenn12@gmail.com logged in succesfully
2026-03-01T13:05:00.413Z :[INFO]:kenn12@mail.com doesnt exist
2026-03-01T13:05:19.365Z :[INFO]:kenn12@gmail.com logged in succesfully
2026-03-01T13:10:57.484Z :[INFO]:kenn12@gmail.com logged in succesfully
2026-03-01T13:21:56.745Z :[INFO]:kenn12@gmail.com logged in succesfully
2026-03-01T13:33:45.932Z :[INFO]:kenn12@gmail.com logged in succesfully
2026-03-01T13:42:04.537Z :[INFO]:kenn12@gmail.com logged in succesfully
2026-03-01T13:50:24.658Z :[INFO]:kenn12@gmail.com logged in succesfully
2026-03-01T14:06:37.845Z :[INFO]:kenn12@gmail.com logged in succesfully
2026-03-01T14:10:04.722Z :[INFO]:kenn12@gmail.com logged in succesfully
2026-03-01T14:15:17.277Z :[INFO]:kenn12@gmail.com logged in succesfully
2026-03-01T14:24:26.526Z :[INFO]:kenn12@gmail.com logged in succesfully
2026-03-01T14:44:01.516Z :[INFO]:peterotieno@gmail.com logged in succesfully
2026-03-01T14:45:54.439Z :[INFO]:peterotieno@gmail.com logged in succesfully
2026-03-01T14:47:06.111Z :[INFO]:peterotieno@gmail.com logged in succesfully
2026-03-01T14:48:18.820Z :[INFO]:peterotieno@gmail.com logged in succesfully
2026-03-01T14:49:47.010Z :[INFO]:peterotieno@gmail.com logged in succesfully
2026-03-01T14:51:17.948Z :[INFO]:peterotieno@gmail.com logged in succesfully
2026-03-01T14:51:36.300Z :[INFO]:you have logged out succesfully
2026-03-01T14:51:58.199Z :[INFO]:peterotieno@gmail.com logged in succesfully
2026-03-01T14:52:26.613Z :[INFO]:peterotieno@gmail.com logged in succesfully
2026-03-01T14:53:01.950Z :[INFO]:peterotieno@gmail.com logged in succesfully
2026-03-01T14:53:55.525Z :[INFO]:peterotieno@gmail.com logged in succesfully
2026-03-01T14:55:25.771Z :[INFO]:peterotieno@gmail.com logged in succesfully
2026-03-01T14:56:04.738Z :[INFO]:peterotieno@gmail.com logged in succesfully
2026-03-01T14:56:47.714Z :[INFO]:peterotieno@gmail.com logged in succesfully
2026-03-01T14:57:16.519Z :[INFO]:peterotieno@gmail.com logged in succesfully
2026-03-01T14:58:29.093Z :[INFO]:peterotieno@gmail.com logged in succesfully
2026-03-01T14:59:15.302Z :[INFO]:peterotieno@gmail.com logged in succesfully
2026-03-01T14:59:37.360Z :[INFO]:peterotieno@gmail.com logged in succesfully
2026-03-01T15:00:25.364Z :[INFO]:peterotieno@gmail.com logged in succesfully
2026-03-01T15:01:25.886Z :[INFO]:peterotieno@gmail.com logged in succesfully
2026-03-01T15:21:50.548Z :[INFO]:peterotieno@gmail.com logged in succesfully
2026-03-01T15:23:18.367Z :[INFO]:peterotieno@gmail.com logged in succesfully
2026-03-01T15:41:30.457Z :[INFO]:peterotieno@gmail.com logged in succesfully
2026-03-01T15:43:01.612Z :[INFO]:peterotieno@gmail.com logged in succesfully
2026-03-01T15:53:13.621Z :[INFO]:peterotieno@gmail.com logged in succesfully
2026-03-01T15:54:33.589Z :[INFO]:peterotieno@gmail.com logged in succesfully
2026-03-01T16:04:09.535Z :[INFO]:peterotieno@gmail.com logged in succesfully
2026-03-01T16:06:05.009Z :[INFO]:peterotieno@gmail.com logged in succesfully
2026-03-01T16:20:20.546Z :[INFO]:peterotieno@gmail.com logged in succesfully
2026-03-01T16:21:07.957Z :[INFO]:peterotieno@gmail.com logged in succesfully
2026-03-01T16:24:34.884Z :[INFO]:peterotieno@gmail.com logged in succesfully
2026-03-01T16:25:45.244Z :[INFO]:password doesnt match
2026-03-01T16:25:54.315Z :[INFO]:password doesnt match
2026-03-01T16:26:03.148Z :[INFO]:peterotieno@gmail.com logged in succesfully
2026-03-01T16:26:54.869Z :[INFO]:peterotieno@gmail.com logged in succesfully
2026-03-01T16:29:32.118Z :[INFO]:password doesnt match
2026-03-01T16:29:40.934Z :[INFO]:peterotieno@gmail.com logged in succesfully
2026-03-01T16:37:20.345Z :[INFO]:password doesnt match
2026-03-01T16:37:27.440Z :[INFO]:peterotieno@gmail.com logged in succesfully
2026-03-01T16:38:02.781Z :[INFO]:peterotieno@gmail.com logged in succesfully
2026-03-01T16:38:42.650Z :[INFO]:peterotieno@gmail.com logged in succesfully
2026-03-01T16:48:46.602Z :[INFO]:password doesnt match
2026-03-01T16:48:55.654Z :[INFO]:password doesnt match
2026-03-01T16:49:04.364Z :[INFO]:peterotieno@gmail.com logged in succesfully
2026-03-01T16:50:11.512Z :[INFO]:peterotieno@gmail.com logged in succesfully
2026-03-01T16:53:03.483Z :[INFO]:peterotieno@gmail.com logged in succesfully
2026-03-01T16:53:48.079Z :[INFO]:peterotieno@gmail.com logged in succesfully
2026-03-01T16:54:21.765Z :[INFO]:peterotieno@gmail.com logged in succesfully
2026-03-01T16:59:14.439Z :[INFO]:peterotieno@gmail.com logged in succesfully
2026-03-01T17:28:54.828Z :[INFO]:password doesnt match
2026-03-01T17:29:02.970Z :[INFO]:peterotieno@gmail.com logged in succesfully
2026-03-01T17:30:12.528Z :[INFO]:peterotieno@gmail.com logged in succesfully
2026-03-01T17:32:07.641Z :[INFO]:peterotieno@gmail.com logged in succesfully
2026-03-01T17:34:28.359Z :[INFO]:peterotieno@gmail.com logged in succesfully
2026-03-01T17:35:47.122Z :[INFO]:peterotieno@gmail.com logged in succesfully
2026-03-01T17:36:20.772Z :[INFO]:peterotieno@gmail.com logged in succesfully
2026-03-01T17:37:30.822Z :[INFO]:peterotieno@gmail.com logged in succesfully
2026-03-01T17:42:43.418Z :[INFO]:peterotieno@gmail.com logged in succesfully
2026-03-01T17:45:30.997Z :[INFO]:peterotieno@gmail.com logged in succesfully
2026-03-01T17:46:24.218Z :[INFO]:peterotieno@gmail.com logged in succesfully
2026-03-01T17:47:49.300Z :[INFO]:peterotieno@gmail.com logged in succesfully
2026-03-01T17:57:53.122Z :[INFO]:peterotieno@gmail.com logged in succesfully
2026-03-01T18:00:34.217Z :[INFO]:peterotieno@gmail.com logged in succesfully
2026-03-01T18:08:09.786Z :[INFO]:peterotieno@gmail.com logged in succesfully
2026-03-01T18:08:56.429Z :[INFO]:peterotieno@gmail.com logged in succesfully
2026-03-01T18:10:42.334Z :[INFO]:peterotieno@gmail.com logged in succesfully
2026-03-01T18:15:33.184Z :[INFO]:peterotieno@gmail.com logged in succesfully
2026-03-01T18:22:26.301Z :[INFO]:password doesnt match
2026-03-01T18:22:34.062Z :[INFO]:peterotieno@gmail.com logged in succesfully
2026-03-01T18:24:50.190Z :[INFO]:peterotieno@gmail.com logged in succesfully
2026-03-01T18:25:51.321Z :[INFO]:peterotieno@gmail.com logged in succesfully
2026-03-01T18:26:43.601Z :[INFO]:peterotieno@gmail.com logged in succesfully
2026-03-01T18:31:58.957Z :[INFO]:peterotieno@gmail.com logged in succesfully
2026-03-01T18:32:24.043Z :[INFO]:peterotieno@gmail.com logged in succesfully
2026-03-01T18:32:50.589Z :[INFO]:peterotieno@gmail.com logged in succesfully
2026-03-01T18:36:19.476Z :[INFO]:peterotieno@gmail.com logged in succesfully
2026-03-01T18:36:38.628Z :[INFO]:peterotieno@gmail.com logged in succesfully
2026-03-01T21:26:59.290Z :[INFO]:peterotieno@gmail.com logged in succesfully
2026-03-01T21:29:41.055Z :[INFO]:peterotieno@gmail.com logged in succesfully
2026-03-01T21:30:39.726Z :[INFO]:peterotieno@gmail.com logged in succesfully
2026-03-01T21:33:20.064Z :[INFO]:peterotieno@gmail.com logged in succesfully
2026-03-01T21:35:34.325Z :[INFO]:peterotieno@gmail.com logged in succesfully
2026-03-01T21:40:11.859Z :[INFO]:peterotieno@gmail.com logged in succesfully
2026-03-01T21:45:21.845Z :[INFO]:peterotieno@gmail.com logged in succesfully
2026-03-01T21:46:05.683Z :[INFO]:peterotieno@gmail.com logged in succesfully
2026-03-01T21:47:06.399Z :[INFO]:peterotieno@gmail.com logged in succesfully
2026-03-01T21:47:36.142Z :[INFO]:peterotieno@gmail.com logged in succesfully
2026-03-01T21:55:41.559Z :[INFO]:peterotieno@gmail.com logged in succesfully
2026-03-01T21:56:36.311Z :[INFO]:peterotieno@gmail.com logged in succesfully
2026-03-01T22:01:09.732Z :[INFO]:peterotieno@gmail.com logged in succesfully
2026-03-01T22:05:40.395Z :[INFO]:peterotieno@gmail.com logged in succesfully
2026-03-01T22:06:54.895Z :[INFO]:peterotieno@gmail.com logged in succesfully
2026-03-01T22:07:33.553Z :[INFO]:peterotieno@gmail.com logged in succesfully
2026-03-01T22:08:11.061Z :[INFO]:peterotieno@gmail.com logged in succesfully
2026-03-01T22:09:44.085Z :[INFO]:peterotieno@gmail.com logged in succesfully
2026-03-01T22:12:59.353Z :[INFO]:password doesnt match
2026-03-01T22:13:10.194Z :[INFO]:peterotieno@gmail.com logged in succesfully
2026-03-01T22:13:36.240Z :[INFO]:peterotieno@gmail.com logged in succesfully
2026-03-01T22:14:48.137Z :[INFO]:password doesnt match
2026-03-01T22:14:56.004Z :[INFO]:peterotieno@gmail.com logged in succesfully
2026-03-01T22:18:31.575Z :[INFO]:peterotieno@gmail.com logged in succesfully
2026-03-01T22:20:10.041Z :[INFO]:peterotieno@gmail.com logged in succesfully
2026-03-01T22:20:54.735Z :[INFO]:peterotieno@gmail.com logged in succesfully
2026-03-01T22:28:07.090Z :[INFO]:peterotieno@gmail.com logged in succesfully
2026-03-01T22:35:10.439Z :[INFO]:peterotieno@gmail.com logged in succesfully
2026-03-01T22:38:05.152Z :[INFO]:peterotieno@gmail.com logged in succesfully
2026-03-01T22:42:44.818Z :[INFO]:peterotieno@gmail.com logged in succesfully
2026-03-01T22:49:28.773Z :[INFO]:peterotieno@gmail.com logged in succesfully
2026-03-01T22:52:49.520Z :[INFO]:peterotieno@gmail.com logged in succesfully
2026-03-01T22:53:56.212Z :[INFO]:peterotieno@gmail.com logged in succesfully
2026-03-01T22:55:21.584Z :[INFO]:peterotieno@gmail.com logged in succesfully
2026-03-01T22:57:58.354Z :[INFO]:peterotieno@gmail.com logged in succesfully
2026-03-01T22:58:36.950Z :[INFO]:peterotieno@gmail.com logged in succesfully
2026-03-01T23:01:45.468Z :[INFO]:peterotieno@gmail.com logged in succesfully
2026-03-01T23:02:55.839Z :[INFO]:peterotieno@gmail.com logged in succesfully
2026-03-01T23:04:35.868Z :[INFO]:peterotieno@gmail.com logged in succesfully
2026-03-01T23:05:58.167Z :[INFO]:peterotieno@gmail.com logged in succesfully
2026-03-01T23:08:19.718Z :[INFO]:peterotieno@gmail.com logged in succesfully
2026-03-01T23:09:38.673Z :[INFO]:peterotieno@gmail.com logged in succesfully
2026-03-01T23:10:55.618Z :[INFO]:peterotieno@gmail.com logged in succesfully
2026-03-01T23:11:24.356Z :[INFO]:peterotieno@gmail.com logged in succesfully
2026-03-01T23:12:19.746Z :[INFO]:kenn12@gmail.com logged in succesfully
2026-03-01T23:12:36.657Z :[INFO]:you have logged out succesfully
2026-03-01T23:17:18.696Z :[INFO]:password doesnt match
2026-03-01T23:17:26.120Z :[INFO]:peterotieno@gmail.com logged in succesfully
2026-03-01T23:17:43.179Z :[INFO]:peterotieno@gmail.com logged in succesfully
2026-03-01T23:18:00.972Z :[INFO]:you have logged out succesfully
2026-03-01T23:22:01.019Z :[INFO]:peterotieno@gmail.com logged in succesfully
2026-03-01T23:22:23.263Z :[INFO]:peterotieno@gmail.com logged in succesfully
2026-03-01T23:22:33.107Z :[INFO]:you have logged out succesfully
2026-03-01T23:24:32.068Z :[INFO]:peterotieno@gmail.com logged in succesfully
2026-03-02T05:36:32.289Z :[INFO]:peterotieno@gmail.com logged in succesfully
2026-03-02T05:36:47.860Z :[INFO]:peterotieno@gmail.com logged in succesfully
2026-03-02T05:37:35.471Z :[INFO]:you have logged out succesfully
2026-03-02T05:37:42.899Z :[INFO]:peterotieno@gmail.com logged in succesfully
2026-03-02T05:38:01.979Z :[INFO]:peterotieno@gmail.com logged in succesfully
2026-03-02T05:44:16.491Z :[INFO]:peterotieno@gmail.com logged in succesfully
2026-03-02T06:04:39.244Z :[INFO]:peterotieno@gmail.com logged in succesfully
2026-03-02T06:05:28.836Z :[INFO]:peterotieno@gmail.com logged in succesfully
2026-03-02T06:08:32.596Z :[INFO]:password doesnt match
2026-03-02T06:08:45.121Z :[INFO]:peterotieno@gmail.com logged in succesfully
2026-03-02T06:11:02.902Z :[INFO]:peterotieno@gmail.com logged in succesfully
2026-03-02T06:11:45.098Z :[INFO]:peterotieno@gmail.com logged in succesfully
2026-03-02T06:13:23.526Z :[INFO]:peterotieno@gmail.com logged in succesfully
2026-03-02T06:14:08.877Z :[INFO]:peterotieno@gmail.com logged in succesfully
2026-03-02T06:22:49.156Z :[INFO]:peterotieno@gmail.com logged in succesfully
2026-03-02T06:23:38.807Z :[INFO]:peterotieno@gmail.com logged in succesfully
2026-03-02T06:24:31.849Z :[INFO]:you have logged out succesfully
2026-03-02T11:22:50.062Z :[INFO]:peterotieno@gmail.com logged in succesfully
2026-03-02T11:23:00.977Z :[INFO]:peterotieno@gmail.com logged in succesfully
2026-03-02T11:37:45.741Z :[INFO]:peterotieno@gmail.com logged in succesfully
2026-03-02T11:37:51.115Z :[INFO]:you have logged out succesfully
2026-03-02T11:38:15.594Z :[INFO]:kenn12@gmail.com logged in succesfully
2026-03-02T11:53:44.737Z :[INFO]:peterotieno@gmail.com logged in succesfully
2026-03-02T11:53:57.042Z :[INFO]:you have logged out succesfully
2026-03-02T11:54:27.050Z :[INFO]:kenn12@gmail.com logged in succesfully
2026-03-02T12:06:33.335Z :[INFO]:peterotieno@gmail.com logged in succesfully
2026-03-03T13:28:24.062Z :[INFO]:peterotieno@gmail.com logged in succesfully
2026-03-03T13:28:35.734Z :[INFO]:peterotieno@gmail.com logged in succesfully
2026-03-03T19:12:33.507Z :[INFO]:antoniovga1965@gmail.com logged in succesfully
2026-03-03T20:59:26.757Z :[INFO]:peterotieno@gmail.com logged in succesfully
2026-03-03T20:59:39.277Z :[INFO]:peterotieno@gmail.com logged in succesfully
2026-03-03T21:05:31.299Z :[INFO]:peterotieno@gmail.com logged in succesfully
2026-03-03T21:09:08.826Z :[INFO]:peterotieno@gmail.com logged in succesfully
2026-03-03T21:11:56.014Z :[INFO]:peterotieno@gmail.com logged in succesfully
2026-03-03T21:30:02.381Z :[INFO]:you have logged out succesfully
2026-03-03T21:32:12.708Z :[INFO]:antoniovga1965@gmail.com logged in succesfully
2026-03-03T21:32:51.368Z :[INFO]:antoniovga1965@gmail.com logged in succesfully
2026-03-04T04:42:26.159Z :[INFO]:peterotieno@gmail.com logged in succesfully
2026-03-04T05:29:00.590Z :[INFO]:peterotieno@gmail.com logged in succesfully
2026-03-04T05:31:15.594Z :[INFO]:you have logged out succesfully
2026-03-04T05:32:08.099Z :[INFO]:peterotieno@gmail.com logged in succesfully
2026-03-04T05:43:01.583Z :[INFO]:peterotieno@gmail.com logged in succesfully
2026-03-04T05:49:09.425Z :[INFO]:peterotieno@gmail.com logged in succesfully
2026-03-04T05:50:11.453Z :[INFO]:peterotieno@gmail.com logged in succesfully
2026-03-04T05:51:28.768Z :[INFO]:peterotieno@gmail.com logged in succesfully
2026-03-04T05:58:05.355Z :[INFO]:peterotieno@gmail.com logged in succesfully
2026-03-04T05:59:17.064Z :[INFO]:peterotieno@gmail.com logged in succesfully
2026-03-04T06:00:49.369Z :[INFO]:peterotieno@gmail.com logged in succesfully
2026-03-04T06:01:37.237Z :[INFO]:peterotieno@gmail.com logged in succesfully
2026-03-04T06:04:21.567Z :[INFO]:peterotieno@gmail.com logged in succesfully
2026-03-04T06:18:31.491Z :[INFO]:peterotieno@gmail.com logged in succesfully
2026-03-04T10:44:05.922Z :[INFO]:peterotieno@gmail.com logged in succesfully
2026-03-04T10:44:15.589Z :[INFO]:peterotieno@gmail.com logged in succesfully
2026-03-04T10:58:29.516Z :[ERROR]:
2026-03-04T10:58:29.518Z :[INFO]:
2026-03-04T10:59:17.006Z :[INFO]:password doesnt match
2026-03-04T10:59:28.444Z :[INFO]:peterotieno@gmail.com logged in succesfully
2026-03-04T11:22:20.755Z :[ERROR]:
2026-03-04T11:22:20.757Z :[INFO]:
2026-03-04T11:23:01.475Z :[INFO]:password doesnt match
2026-03-04T11:23:24.464Z :[INFO]:peterotieno@gmail.com logged in succesfully
2026-03-04T11:24:37.307Z :[INFO]:peterotieno@gmail.com logged in succesfully
2026-03-04T11:26:01.053Z :[INFO]:peterotieno@gmail.com logged in succesfully
2026-03-04T11:26:41.734Z :[INFO]:peterotieno@gmail.com logged in succesfully
2026-03-04T11:27:44.218Z :[INFO]:peterotieno@gmail.com logged in succesfully
2026-03-04T11:28:23.326Z :[INFO]:peterotieno@gmail.com logged in succesfully
2026-03-04T11:28:41.161Z :[INFO]:you have logged out succesfully
